// Jest Snapshot v1, https://goo.gl/fbAQLP

exports[`CombinedReportDataConverter convert axe results to combined report data 1`] = `
{
  "axeVersion": "axeCoreVersion",
  "browserResolution": "1920x1080",
  "results": {
    "resultsByRule": {
      "failed": [
        {
          "failed": [
            {
              "elementSelector": "selector-node-31",
              "fix": {
                "all": [],
                "any": [
                  {
                    "data": "check-data-node-31",
                    "id": "check-id-node-31",
                    "message": "check-message-node-31",
                    "relatedNodes": [
                      {
                        "html": "check-related-nodes-html-node-31",
                        "target": [
                          "check-related-nodes-target-node-31",
                        ],
                      },
                    ],
                  },
                ],
                "failureSummary": "failureSummary-node-31",
                "none": [],
              },
              "rule": {
                "description": "description-rule-3",
                "ruleId": "rule-3",
                "ruleUrl": "helpUrl-rule-3",
                "tags": [
                  "tag-rule-3",
                ],
              },
              "snippet": "snippet-node-31",
              "urls": [
                "url-31",
                "url-32",
                "url-33",
              ],
            },
            {
              "elementSelector": "selector-node-32",
              "fix": {
                "all": [],
                "any": [
                  {
                    "data": "check-data-node-32",
                    "id": "check-id-node-32",
                    "message": "check-message-node-32",
                    "relatedNodes": [
                      {
                        "html": "check-related-nodes-html-node-32",
                        "target": [
                          "check-related-nodes-target-node-32",
                        ],
                      },
                    ],
                  },
                ],
                "failureSummary": "failureSummary-node-32",
                "none": [],
              },
              "rule": {
                "description": "description-rule-3",
                "ruleId": "rule-3",
                "ruleUrl": "helpUrl-rule-3",
                "tags": [
                  "tag-rule-3",
                ],
              },
              "snippet": "snippet-node-32",
              "urls": [
                "url-31",
                "url-32",
              ],
            },
            {
              "elementSelector": "selector-node-33",
              "fix": {
                "all": [],
                "any": [
                  {
                    "data": "check-data-node-33",
                    "id": "check-id-node-33",
                    "message": "check-message-node-33",
                    "relatedNodes": [
                      {
                        "html": "check-related-nodes-html-node-33",
                        "target": [
                          "check-related-nodes-target-node-33",
                        ],
                      },
                    ],
                  },
                ],
                "failureSummary": "failureSummary-node-33",
                "none": [],
              },
              "rule": {
                "description": "description-rule-3",
                "ruleId": "rule-3",
                "ruleUrl": "helpUrl-rule-3",
                "tags": [
                  "tag-rule-3",
                ],
              },
              "snippet": "snippet-node-33",
              "urls": [
                "url-31",
              ],
            },
          ],
          "key": "rule-3",
        },
        {
          "failed": [
            {
              "elementSelector": "selector-node-12",
              "fix": {
                "all": [],
                "any": [
                  {
                    "data": "check-data-node-12",
                    "id": "check-id-node-12",
                    "message": "check-message-node-12",
                    "relatedNodes": [
                      {
                        "html": "check-related-nodes-html-node-12",
                        "target": [
                          "check-related-nodes-target-node-12",
                        ],
                      },
                    ],
                  },
                ],
                "failureSummary": "failureSummary-node-12",
                "none": [],
              },
              "rule": {
                "description": "description-rule-2",
                "ruleId": "rule-2",
                "ruleUrl": "helpUrl-rule-2",
                "tags": [
                  "tag-rule-2",
                ],
              },
              "snippet": "snippet-node-12",
              "urls": [
                "url-21",
                "url-22",
              ],
            },
            {
              "elementSelector": "selector-node-22",
              "fix": {
                "all": [],
                "any": [
                  {
                    "data": "check-data-node-22",
                    "id": "check-id-node-22",
                    "message": "check-message-node-22",
                    "relatedNodes": [
                      {
                        "html": "check-related-nodes-html-node-22",
                        "target": [
                          "check-related-nodes-target-node-22",
                        ],
                      },
                    ],
                  },
                ],
                "failureSummary": "failureSummary-node-22",
                "none": [],
              },
              "rule": {
                "description": "description-rule-2",
                "ruleId": "rule-2",
                "ruleUrl": "helpUrl-rule-2",
                "tags": [
                  "tag-rule-2",
                ],
              },
              "snippet": "snippet-node-22",
              "urls": [
                "url-21",
              ],
            },
          ],
          "key": "rule-2",
        },
        {
          "failed": [
            {
              "elementSelector": "selector-node-41",
              "fix": {
                "all": [],
                "any": [
                  {
                    "data": "check-data-node-41",
                    "id": "check-id-node-41",
                    "message": "check-message-node-41",
                    "relatedNodes": [
                      {
                        "html": "check-related-nodes-html-node-41",
                        "target": [
                          "check-related-nodes-target-node-41",
                        ],
                      },
                    ],
                  },
                ],
                "failureSummary": "failureSummary-node-41",
                "none": [],
              },
              "rule": {
                "description": "description-rule-4",
                "ruleId": "rule-4",
                "ruleUrl": "helpUrl-rule-4",
                "tags": [
                  "tag-rule-4",
                ],
              },
              "snippet": "snippet-node-41",
              "urls": [
                {
                  "baselineStatus": "existing",
                  "url": "url-41",
                },
                {
                  "baselineStatus": "new",
                  "url": "url-42",
                },
              ],
            },
          ],
          "key": "rule-4",
        },
        {
          "failed": [
            {
              "elementSelector": "selector-node-11",
              "fix": {
                "all": [],
                "any": [
                  {
                    "data": "check-data-node-11",
                    "id": "check-id-node-11",
                    "message": "check-message-node-11",
                    "relatedNodes": [
                      {
                        "html": "check-related-nodes-html-node-11",
                        "target": [
                          "check-related-nodes-target-node-11",
                        ],
                      },
                    ],
                  },
                ],
                "failureSummary": "failureSummary-node-11",
                "none": [],
              },
              "rule": {
                "description": "description-rule-1",
                "ruleId": "rule-1",
                "ruleUrl": "helpUrl-rule-1",
                "tags": [
                  "tag-rule-1",
                ],
              },
              "snippet": "snippet-node-11",
              "urls": [
                "url-11",
              ],
            },
          ],
          "key": "rule-1",
        },
      ],
      "notApplicable": [
        {
          "description": "description-rule-41",
          "ruleId": "rule-41",
          "ruleUrl": "helpUrl-rule-41",
          "tags": [
            "tag-rule-41",
          ],
        },
        {
          "description": "description-rule-42",
          "ruleId": "rule-42",
          "ruleUrl": "helpUrl-rule-42",
          "tags": [
            "tag-rule-42",
          ],
        },
      ],
      "passed": [
        {
          "description": "description-rule-21",
          "ruleId": "rule-21",
          "ruleUrl": "helpUrl-rule-21",
          "tags": [
            "tag-rule-21",
          ],
        },
        {
          "description": "description-rule-22",
          "ruleId": "rule-22",
          "ruleUrl": "helpUrl-rule-22",
          "tags": [
            "tag-rule-22",
          ],
        },
      ],
    },
    "urlResults": {
      "failedUrls": 1,
      "passedUrls": 3,
      "unscannableUrls": 3,
    },
  },
  "scanDetails": {
    "basePageTitle": "basePageTitle",
    "baseUrl": "baseUrl",
    "durationSeconds": 59,
    "scanComplete": 1970-01-01T00:01:00.000Z,
    "scanStart": 1970-01-01T00:00:01.000Z,
  },
  "serviceName": "scanEngineName",
  "userAgent": "browserUserAgent",
}
`;

exports[`CombinedReportDataConverter sorts failure cards by url count, then alphabetically by url 1`] = `
{
  "axeVersion": "axeCoreVersion",
  "browserResolution": "1920x1080",
  "results": {
    "resultsByRule": {
      "failed": [
        {
          "failed": [
            {
              "elementSelector": "selector-node-1",
              "fix": {
                "all": [],
                "any": [
                  {
                    "data": "check-data-node-1",
                    "id": "check-id-node-1",
                    "message": "check-message-node-1",
                    "relatedNodes": [
                      {
                        "html": "check-related-nodes-html-node-1",
                        "target": [
                          "check-related-nodes-target-node-1",
                        ],
                      },
                    ],
                  },
                ],
                "failureSummary": "failureSummary-node-1",
                "none": [],
              },
              "rule": {
                "description": "description-rule-id",
                "ruleId": "rule-id",
                "ruleUrl": "helpUrl-rule-id",
                "tags": [
                  "tag-rule-id",
                ],
              },
              "snippet": "snippet-node-1",
              "urls": [
                "url-z",
                "url-y",
                "url-x",
              ],
            },
            {
              "elementSelector": "selector-node-2",
              "fix": {
                "all": [],
                "any": [
                  {
                    "data": "check-data-node-2",
                    "id": "check-id-node-2",
                    "message": "check-message-node-2",
                    "relatedNodes": [
                      {
                        "html": "check-related-nodes-html-node-2",
                        "target": [
                          "check-related-nodes-target-node-2",
                        ],
                      },
                    ],
                  },
                ],
                "failureSummary": "failureSummary-node-2",
                "none": [],
              },
              "rule": {
                "description": "description-rule-id",
                "ruleId": "rule-id",
                "ruleUrl": "helpUrl-rule-id",
                "tags": [
                  "tag-rule-id",
                ],
              },
              "snippet": "snippet-node-2",
              "urls": [
                "url-b",
                "url-d",
              ],
            },
            {
              "elementSelector": "selector-node-3",
              "fix": {
                "all": [],
                "any": [
                  {
                    "data": "check-data-node-3",
                    "id": "check-id-node-3",
                    "message": "check-message-node-3",
                    "relatedNodes": [
                      {
                        "html": "check-related-nodes-html-node-3",
                        "target": [
                          "check-related-nodes-target-node-3",
                        ],
                      },
                    ],
                  },
                ],
                "failureSummary": "failureSummary-node-3",
                "none": [],
              },
              "rule": {
                "description": "description-rule-id",
                "ruleId": "rule-id",
                "ruleUrl": "helpUrl-rule-id",
                "tags": [
                  "tag-rule-id",
                ],
              },
              "snippet": "snippet-node-3",
              "urls": [
                "url-c",
                "url-d",
              ],
            },
            {
              "elementSelector": "selector-node-4",
              "fix": {
                "all": [],
                "any": [
                  {
                    "data": "check-data-node-4",
                    "id": "check-id-node-4",
                    "message": "check-message-node-4",
                    "relatedNodes": [
                      {
                        "html": "check-related-nodes-html-node-4",
                        "target": [
                          "check-related-nodes-target-node-4",
                        ],
                      },
                    ],
                  },
                ],
                "failureSummary": "failureSummary-node-4",
                "none": [],
              },
              "rule": {
                "description": "description-rule-id",
                "ruleId": "rule-id",
                "ruleUrl": "helpUrl-rule-id",
                "tags": [
                  "tag-rule-id",
                ],
              },
              "snippet": "snippet-node-4",
              "urls": [
                "url-a",
              ],
            },
          ],
          "key": "rule-id",
        },
      ],
      "notApplicable": [],
      "passed": [],
    },
    "urlResults": {
      "failedUrls": 1,
      "passedUrls": 3,
      "unscannableUrls": 3,
    },
  },
  "scanDetails": {
    "basePageTitle": "basePageTitle",
    "baseUrl": "baseUrl",
    "durationSeconds": 59,
    "scanComplete": 1970-01-01T00:01:00.000Z,
    "scanStart": 1970-01-01T00:00:01.000Z,
  },
  "serviceName": "scanEngineName",
  "userAgent": "browserUserAgent",
}
`;
