// Jest Snapshot v1, https://goo.gl/fbAQLP

exports[`ConsoleSummaryReportGenerator logs summary when has no violations 1`] = `
"

Congratulations! No failed automated checks were found."
`;

exports[`ConsoleSummaryReportGenerator logs summary when has violations 1`] = `
"

Automated checks summary results: 
╔═════════════════════════════════════╤═══════╗
║ Failed Rule                         │ Count ║
╟─────────────────────────────────────┼───────╢
║ rule1WithALongName11111111111111111 │ 10    ║
╟─────────────────────────────────────┼───────╢
║ rule2                               │ 3     ║
╚═════════════════════════════════════╧═══════╝

"
`;
