// Jest Snapshot v1, https://goo.gl/fbAQLP

exports[`BatchScanResultController handleRequest should return different response for different kind of scanIds 1`] = `
Array [
  Object {
    "error": Object {
      "code": "InvalidResourceId",
      "codeId": 4002,
      "message": "The resource ID is not valid.",
    },
    "scanId": "invalid-scan-id",
  },
  Object {
    "run": Object {
      "state": "pending",
    },
    "scanId": "requested-too-soon-scan-id",
    "url": undefined,
  },
  Object {
    "run": Object {
      "state": "running",
    },
    "scanId": "valid-scan-id",
    "url": "url",
  },
  Object {
    "error": Object {
      "code": "ResourceNotFound",
      "codeId": 4001,
      "message": "The specified resource does not exist.",
    },
    "scanId": "not-found-scan-id",
  },
]
`;
