// Jest Snapshot v1, https://goo.gl/fbAQLP

exports[`ScannerBatchTaskPropertyProvider builds command line 1`] = `"/bin/bash -c 'start-web-api-scan-runner.sh \\"id1\\" \\"url1\\" \\"1\\"'"`;

exports[`ScannerBatchTaskPropertyProvider environment settings builds environment settings 1`] = `
Array [
  Object {
    "name": "APPINSIGHTS_INSTRUMENTATIONKEY",
    "value": "app insights key1",
  },
  Object {
    "name": "KEY_VAULT_URL",
    "value": "key vault url1",
  },
]
`;

exports[`ScannerBatchTaskPropertyProvider returns resourceFiles 1`] = `
Array [
  Object {
    "autoStorageContainerName": "runner script container",
  },
  Object {
    "autoStorageContainerName": "runtime-configuration",
  },
]
`;
