// Jest Snapshot v1, https://goo.gl/fbAQLP

exports[`BatchTaskPropertyProvider getAllEnvironmentSettings gets environment settings with task parameters 1`] = `
Array [
  Object {
    "name": "env1",
    "value": "env1 value",
  },
  Object {
    "name": "env2",
    "value": "env2 value",
  },
  Object {
    "name": "TASK_ARGUMENTS",
    "value": "{\\"arg1Key\\":\\"arg1 value\\",\\"arg2Key\\":\\"arg2 value\\",\\"someUnknownKey\\":\\"unknown value\\"}",
  },
]
`;

exports[`BatchTaskPropertyProvider getCommandLine generates command line string 1`] = `"/bin/bash -c 'script1.sh \\"arg1 value\\" \\"arg2 value\\"'"`;

exports[`BatchTaskPropertyProvider getResourceFiles returns resource files 1`] = `
Array [
  Object {
    "autoStorageContainerName": "container1",
  },
  Object {
    "autoStorageContainerName": "container2",
  },
]
`;
